apiVersion: v2
appVersion: 1.0.0
description: A test Helm chart
name: test-app
type: application
version: 0.1.0
